// Vitest Snapshot v1, https://vitest.dev/guide/snapshot.html

exports[`Map component > should render as expected 1`] = `
<div>
  <section
    class="px-0 container-fluid"
  >
    <div
      class="h-map leaflet-container leaflet-touch leaflet-grab leaflet-touch-drag leaflet-touch-zoom"
      style="position: relative;"
      tabindex="0"
    >
      <div
        class="leaflet-pane leaflet-map-pane"
        style="left: 0px; top: 0px;"
      >
        <div
          class="leaflet-pane leaflet-tile-pane"
        >
          <div
            class="leaflet-layer "
            style="z-index: 1;"
          >
            <div
              class="leaflet-tile-container leaflet-zoom-animated"
              style="z-index: 18; left: 0px; top: 0px;"
            >
              <img
                alt=""
                class="leaflet-tile"
                src="https://a.tile.openstreetmap.org/13/1318/3176.png"
                style="width: 256px; height: 256px; left: -9px; top: -249px;"
              />
            </div>
          </div>
        </div>
        <div
          class="leaflet-pane leaflet-overlay-pane"
        />
        <div
          class="leaflet-pane leaflet-shadow-pane"
        />
        <div
          class="leaflet-pane leaflet-marker-pane"
        >
          <img
            alt="Marker"
            class="leaflet-marker-icon leaflet-zoom-hide leaflet-interactive"
            role="button"
            src="/src/assets/icon-location.svg"
            style="left: 0px; top: 0px; z-index: 0; z-index: 0;"
            tabindex="0"
          />
        </div>
        <div
          class="leaflet-pane leaflet-tooltip-pane"
        />
        <div
          class="leaflet-pane leaflet-popup-pane"
        />
      </div>
      <div
        class="leaflet-control-container"
      >
        <div
          class="leaflet-top leaflet-left"
        >
          <div
            class="leaflet-control-zoom leaflet-bar leaflet-control"
          >
            <a
              aria-disabled="false"
              aria-label="Zoom in"
              class="leaflet-control-zoom-in"
              href="#"
              role="button"
              title="Zoom in"
            >
              <span
                aria-hidden="true"
              >
                +
              </span>
            </a>
            <a
              aria-disabled="false"
              aria-label="Zoom out"
              class="leaflet-control-zoom-out"
              href="#"
              role="button"
              title="Zoom out"
            >
              <span
                aria-hidden="true"
              >
                −
              </span>
            </a>
          </div>
        </div>
        <div
          class="leaflet-top leaflet-right"
        />
        <div
          class="leaflet-bottom leaflet-left"
        />
        <div
          class="leaflet-bottom leaflet-right"
        >
          <div
            class="leaflet-control-attribution leaflet-control"
          >
            <a
              href="https://leafletjs.com"
              title="A JavaScript library for interactive maps"
            >
              Leaflet
            </a>
             
            <span
              aria-hidden="true"
            >
              |
            </span>
             © 
            <a
              href="https://www.openstreetmap.org/copyright"
            >
              OpenStreetMap
            </a>
             contributors
          </div>
        </div>
      </div>
    </div>
  </section>
</div>
`;
